// Jest Snapshot v1, https://goo.gl/fbAQLP

exports[`Header component renders a .Header by default 1`] = `
<Fragment>
  <header
    id="home"
    role="banner"
  >
    <h1>
      UserDocs Manager
    </h1>
    <h3>
      Overview Of Technical Documents
    </h3>
    <h4>
      Your Department
    </h4>
  </header>
</Fragment>
`;

exports[`Header component renders the Header given props 1`] = `
<Fragment>
  <header
    id="home"
    role="banner"
  >
    <h1>
      UserDocs Manager
    </h1>
    <h3>
      Overview Of Technical Documents
    </h3>
    <h4>
      Your Department
    </h4>
  </header>
</Fragment>
`;
