// Jest Snapshot v1, https://goo.gl/fbAQLP

exports[`Header component renders a .Header by default 1`] = `
<header
  className="video-container"
  id="home"
  role="banner"
>
  <video
    autoPlay={true}
    id="videoBG"
    loop={true}
    muted={true}
    src="video.mov"
  />
  <div
    className="video-content"
  >
    <h1>
      UserDocs Manager
    </h1>
    <h3>
      Overview Of Technical Documents
    </h3>
    <h4>
      Your Department
    </h4>
  </div>
</header>
`;

exports[`Header component renders the Header given props 1`] = `
<header
  className="video-container"
  id="home"
  role="banner"
>
  <video
    autoPlay={true}
    id="videoBG"
    loop={true}
    muted={true}
    src="video.mov"
  />
  <div
    className="video-content"
  >
    <h1>
      UserDocs Manager
    </h1>
    <h3>
      Overview Of Technical Documents
    </h3>
    <h4>
      Your Department
    </h4>
  </div>
</header>
`;
