// Jest Snapshot v1, https://goo.gl/fbAQLP

exports[`Header component renders a .Header by default 1`] = `
<header
  className="video-container"
  id="home"
  role="banner"
>
  <h1>
    UserDocs Manager
  </h1>
  <h2>
    Overview Of Technical Documents
  </h2>
  <h3>
    Your Department
  </h3>
</header>
`;

exports[`Header component renders the Header given props 1`] = `
<header
  className="video-container"
  id="home"
  role="banner"
>
  <h1>
    UserDocs Manager
  </h1>
  <h2>
    Overview Of Technical Documents
  </h2>
  <h3>
    Your Department
  </h3>
</header>
`;
